{
    "query": {
        "bool": {
            "must": [
                {
                    "match_all": {}
                }
            ],
            "filter": [
                {
                    "bool": {
                        "must": [
                            {
                                "query_string": {
                                    "query": "\"word1 word2\"",
                                    "fields": [
                                        "source_text.plain"
                                    ],
                                    "default_operator": "AND",
                                    "allow_leading_wildcard": true,
                                    "fuzzy_prefix_length": 2,
                                    "rewrite": "top_terms_boost_1024"
                                }
                            },
                            {
                                "terms": {
                                    "namespace": [
                                        0
                                    ]
                                }
                            }
                        ]
                    }
                }
            ]
        }
    },
    "rescore_query": [
        {
            "window_size": 8192,
            "query": {
                "query_weight": 1,
                "rescore_query_weight": 1,
                "score_mode": "multiply",
                "rescore_query": {
                    "function_score": {
                        "functions": [
                            {
                                "field_value_factor": {
                                    "field": "incoming_links",
                                    "modifier": "log2p",
                                    "missing": 0
                                }
                            }
                        ]
                    }
                }
            }
        }
    ]
}