// Jest Snapshot v1, https://goo.gl/fbAQLP

exports[`ErrorSavingAssertUser matches the snapshot 1`] = `
<div
  class="wb-db-error-saving-assertuser"
>
  <h2
    class="wb-db-error-saving-assertuser__heading"
  >
    Some 'text
  </h2>
  <icon-message-box-stub
    class="wb-db-error-saving-assertuser__message"
    inline="false"
    type="warning"
  >
    Some 'text
  </icon-message-box-stub>
  <div
    class="wb-db-error-saving-assertuser__buttons"
  >
    <event-emitting-button-stub
      class="wb-db-error-saving-assertuser__proceed"
      disabled="false"
      message="Some 'text"
      newtab="false"
      preventdefault="true"
      size="M"
      squary="false"
      type="primaryProgressive"
    />
    <event-emitting-button-stub
      class="wb-db-error-saving-assertuser__login"
      disabled="false"
      href="https://data-bridge.test/Login"
      message="Some 'text"
      newtab="true"
      preventdefault="false"
      size="M"
      squary="false"
      type="neutral"
    />
    <event-emitting-button-stub
      class="wb-db-error-saving-assertuser__back"
      disabled="false"
      message="Some 'text"
      newtab="false"
      preventdefault="true"
      size="M"
      squary="false"
      type="link"
    />
  </div>
</div>
`;
