{
    "description": "wikibase_prefix search for '\u7236\u985e'",
    "params": {
        "timeout": "20s"
    },
    "query": {
        "query": {
            "bool": {
                "should": [
                    {
                        "bool": {
                            "filter": [
                                {
                                    "match": {
                                        "labels_all.prefix": "\u7236\u985e"
                                    }
                                }
                            ],
                            "must": [
                                {
                                    "dis_max": {
                                        "tie_breaker": 0,
                                        "queries": [
                                            {
                                                "constant_score": {
                                                    "filter": {
                                                        "match": {
                                                            "labels.zh.near_match": "\u7236\u985e"
                                                        }
                                                    },
                                                    "boost": 2.5
                                                }
                                            },
                                            {
                                                "constant_score": {
                                                    "filter": {
                                                        "match": {
                                                            "labels.zh.near_match_folded": "\u7236\u985e"
                                                        }
                                                    },
                                                    "boost": 1.1
                                                }
                                            },
                                            {
                                                "constant_score": {
                                                    "filter": {
                                                        "match": {
                                                            "labels.zh.prefix": "\u7236\u985e"
                                                        }
                                                    },
                                                    "boost": 0.9
                                                }
                                            },
                                            {
                                                "constant_score": {
                                                    "filter": {
                                                        "match": {
                                                            "labels_all.near_match_folded": "\u7236\u985e"
                                                        }
                                                    },
                                                    "boost": 0.01
                                                }
                                            },
                                            {
                                                "constant_score": {
                                                    "filter": {
                                                        "match": {
                                                            "labels.zh-hans.near_match": "\u7236\u985e"
                                                        }
                                                    },
                                                    "boost": 1.53
                                                }
                                            },
                                            {
                                                "constant_score": {
                                                    "filter": {
                                                        "match": {
                                                            "labels.zh-hans.near_match_folded": "\u7236\u985e"
                                                        }
                                                    },
                                                    "boost": 0.99
                                                }
                                            },
                                            {
                                                "constant_score": {
                                                    "filter": {
                                                        "match": {
                                                            "labels.zh-hans.prefix": "\u7236\u985e"
                                                        }
                                                    },
                                                    "boost": 0.81
                                                }
                                            },
                                            {
                                                "constant_score": {
                                                    "filter": {
                                                        "match": {
                                                            "labels.zh-hant.near_match": "\u7236\u985e"
                                                        }
                                                    },
                                                    "boost": 1.377
                                                }
                                            },
                                            {
                                                "constant_score": {
                                                    "filter": {
                                                        "match": {
                                                            "labels.zh-hant.near_match_folded": "\u7236\u985e"
                                                        }
                                                    },
                                                    "boost": 0.891
                                                }
                                            },
                                            {
                                                "constant_score": {
                                                    "filter": {
                                                        "match": {
                                                            "labels.zh-hant.prefix": "\u7236\u985e"
                                                        }
                                                    },
                                                    "boost": 0.729
                                                }
                                            },
                                            {
                                                "constant_score": {
                                                    "filter": {
                                                        "match": {
                                                            "labels.zh-cn.near_match": "\u7236\u985e"
                                                        }
                                                    },
                                                    "boost": 1.2393
                                                }
                                            },
                                            {
                                                "constant_score": {
                                                    "filter": {
                                                        "match": {
                                                            "labels.zh-cn.near_match_folded": "\u7236\u985e"
                                                        }
                                                    },
                                                    "boost": 0.8019
                                                }
                                            },
                                            {
                                                "constant_score": {
                                                    "filter": {
                                                        "match": {
                                                            "labels.zh-cn.prefix": "\u7236\u985e"
                                                        }
                                                    },
                                                    "boost": 0.6561
                                                }
                                            },
                                            {
                                                "constant_score": {
                                                    "filter": {
                                                        "match": {
                                                            "labels.zh-tw.near_match": "\u7236\u985e"
                                                        }
                                                    },
                                                    "boost": 1.11537
                                                }
                                            },
                                            {
                                                "constant_score": {
                                                    "filter": {
                                                        "match": {
                                                            "labels.zh-tw.near_match_folded": "\u7236\u985e"
                                                        }
                                                    },
                                                    "boost": 0.72171
                                                }
                                            },
                                            {
                                                "constant_score": {
                                                    "filter": {
                                                        "match": {
                                                            "labels.zh-tw.prefix": "\u7236\u985e"
                                                        }
                                                    },
                                                    "boost": 0.59049
                                                }
                                            },
                                            {
                                                "constant_score": {
                                                    "filter": {
                                                        "match": {
                                                            "labels.zh-hk.near_match": "\u7236\u985e"
                                                        }
                                                    },
                                                    "boost": 1.003833
                                                }
                                            },
                                            {
                                                "constant_score": {
                                                    "filter": {
                                                        "match": {
                                                            "labels.zh-hk.near_match_folded": "\u7236\u985e"
                                                        }
                                                    },
                                                    "boost": 0.649539
                                                }
                                            },
                                            {
                                                "constant_score": {
                                                    "filter": {
                                                        "match": {
                                                            "labels.zh-hk.prefix": "\u7236\u985e"
                                                        }
                                                    },
                                                    "boost": 0.531441
                                                }
                                            },
                                            {
                                                "constant_score": {
                                                    "filter": {
                                                        "match": {
                                                            "labels.zh-sg.near_match": "\u7236\u985e"
                                                        }
                                                    },
                                                    "boost": 0.9034497
                                                }
                                            },
                                            {
                                                "constant_score": {
                                                    "filter": {
                                                        "match": {
                                                            "labels.zh-sg.near_match_folded": "\u7236\u985e"
                                                        }
                                                    },
                                                    "boost": 0.5845851
                                                }
                                            },
                                            {
                                                "constant_score": {
                                                    "filter": {
                                                        "match": {
                                                            "labels.zh-sg.prefix": "\u7236\u985e"
                                                        }
                                                    },
                                                    "boost": 0.4782969
                                                }
                                            },
                                            {
                                                "constant_score": {
                                                    "filter": {
                                                        "match": {
                                                            "labels.zh-mo.near_match": "\u7236\u985e"
                                                        }
                                                    },
                                                    "boost": 0.81310473
                                                }
                                            },
                                            {
                                                "constant_score": {
                                                    "filter": {
                                                        "match": {
                                                            "labels.zh-mo.near_match_folded": "\u7236\u985e"
                                                        }
                                                    },
                                                    "boost": 0.52612659
                                                }
                                            },
                                            {
                                                "constant_score": {
                                                    "filter": {
                                                        "match": {
                                                            "labels.zh-mo.prefix": "\u7236\u985e"
                                                        }
                                                    },
                                                    "boost": 0.43046721
                                                }
                                            },
                                            {
                                                "constant_score": {
                                                    "filter": {
                                                        "match": {
                                                            "labels.zh-my.near_match": "\u7236\u985e"
                                                        }
                                                    },
                                                    "boost": 0.731794257
                                                }
                                            },
                                            {
                                                "constant_score": {
                                                    "filter": {
                                                        "match": {
                                                            "labels.zh-my.near_match_folded": "\u7236\u985e"
                                                        }
                                                    },
                                                    "boost": 0.473513931
                                                }
                                            },
                                            {
                                                "constant_score": {
                                                    "filter": {
                                                        "match": {
                                                            "labels.zh-my.prefix": "\u7236\u985e"
                                                        }
                                                    },
                                                    "boost": 0.387420489
                                                }
                                            },
                                            {
                                                "constant_score": {
                                                    "filter": {
                                                        "match": {
                                                            "labels.en.near_match": "\u7236\u985e"
                                                        }
                                                    },
                                                    "boost": 0.6586148313
                                                }
                                            },
                                            {
                                                "constant_score": {
                                                    "filter": {
                                                        "match": {
                                                            "labels.en.near_match_folded": "\u7236\u985e"
                                                        }
                                                    },
                                                    "boost": 0.4261625379
                                                }
                                            },
                                            {
                                                "constant_score": {
                                                    "filter": {
                                                        "match": {
                                                            "labels.en.prefix": "\u7236\u985e"
                                                        }
                                                    },
                                                    "boost": 0.3486784401
                                                }
                                            }
                                        ]
                                    }
                                }
                            ]
                        }
                    },
                    {
                        "term": {
                            "title.keyword": "\u7236\u985e"
                        }
                    }
                ],
                "minimum_should_match": 1,
                "filter": [
                    {
                        "term": {
                            "content_model": "wikibase-property"
                        }
                    }
                ]
            }
        },
        "_source": [
            "namespace",
            "title",
            "labels.zh",
            "descriptions.zh",
            "labels.zh-hans",
            "descriptions.zh-hans",
            "labels.zh-hant",
            "descriptions.zh-hant",
            "labels.zh-cn",
            "descriptions.zh-cn",
            "labels.zh-tw",
            "descriptions.zh-tw",
            "labels.zh-hk",
            "descriptions.zh-hk",
            "labels.zh-sg",
            "descriptions.zh-sg",
            "labels.zh-mo",
            "descriptions.zh-mo",
            "labels.zh-my",
            "descriptions.zh-my",
            "labels.en",
            "descriptions.en"
        ],
        "stored_fields": [],
        "highlight": {
            "pre_tags": [
                ""
            ],
            "post_tags": [
                ""
            ],
            "fields": {
                "title": {
                    "type": "experimental",
                    "fragmenter": "none",
                    "number_of_fragments": 0,
                    "matched_fields": [
                        "title.keyword"
                    ]
                },
                "labels.zh.prefix": {
                    "type": "experimental",
                    "fragmenter": "none",
                    "number_of_fragments": 0,
                    "options": {
                        "skip_if_last_matched": true
                    }
                },
                "labels.zh-hans.prefix": {
                    "type": "experimental",
                    "fragmenter": "none",
                    "number_of_fragments": 0,
                    "options": {
                        "skip_if_last_matched": true
                    }
                },
                "labels.zh-hant.prefix": {
                    "type": "experimental",
                    "fragmenter": "none",
                    "number_of_fragments": 0,
                    "options": {
                        "skip_if_last_matched": true
                    }
                },
                "labels.zh-cn.prefix": {
                    "type": "experimental",
                    "fragmenter": "none",
                    "number_of_fragments": 0,
                    "options": {
                        "skip_if_last_matched": true
                    }
                },
                "labels.zh-tw.prefix": {
                    "type": "experimental",
                    "fragmenter": "none",
                    "number_of_fragments": 0,
                    "options": {
                        "skip_if_last_matched": true
                    }
                },
                "labels.zh-hk.prefix": {
                    "type": "experimental",
                    "fragmenter": "none",
                    "number_of_fragments": 0,
                    "options": {
                        "skip_if_last_matched": true
                    }
                },
                "labels.zh-sg.prefix": {
                    "type": "experimental",
                    "fragmenter": "none",
                    "number_of_fragments": 0,
                    "options": {
                        "skip_if_last_matched": true
                    }
                },
                "labels.zh-mo.prefix": {
                    "type": "experimental",
                    "fragmenter": "none",
                    "number_of_fragments": 0,
                    "options": {
                        "skip_if_last_matched": true
                    }
                },
                "labels.zh-my.prefix": {
                    "type": "experimental",
                    "fragmenter": "none",
                    "number_of_fragments": 0,
                    "options": {
                        "skip_if_last_matched": true
                    }
                },
                "labels.en.prefix": {
                    "type": "experimental",
                    "fragmenter": "none",
                    "number_of_fragments": 0,
                    "options": {
                        "skip_if_last_matched": true
                    }
                },
                "labels_all.prefix": {
                    "type": "experimental",
                    "fragmenter": "none",
                    "number_of_fragments": 0,
                    "options": {
                        "skip_if_last_matched": true
                    }
                }
            }
        },
        "size": 10,
        "rescore": [
            {
                "window_size": 8192,
                "query": {
                    "query_weight": 0.2,
                    "rescore_query_weight": 1,
                    "score_mode": "total",
                    "rescore_query": {
                        "function_score": {
                            "score_mode": "sum",
                            "functions": [
                                {
                                    "script_score": {
                                        "script": {
                                            "inline": "pow(doc['incoming_links'].value , 2) \/ ( pow(doc['incoming_links'].value, 2) + pow(50,2))",
                                            "lang": "expression"
                                        }
                                    },
                                    "weight": 1.2
                                },
                                {
                                    "script_score": {
                                        "script": {
                                            "inline": "pow(doc['sitelink_count'].value , 2) \/ ( pow(doc['sitelink_count'].value, 2) + pow(20,2))",
                                            "lang": "expression"
                                        }
                                    },
                                    "weight": 1
                                }
                            ]
                        }
                    }
                }
            }
        ],
        "stats": [
            "wikibase-prefix"
        ]
    },
    "options": {
        "timeout": "20s"
    }
}